// Jest Snapshot v1, https://goo.gl/fbAQLP

exports[`PlayerTitleBar matches snapshot 1`] = `
<div>
  <div
    class="MuiPaper-root MuiPaper-elevation MuiPaper-rounded MuiPaper-elevation1 MuiCard-root css-xds4ak-MuiPaper-root-MuiCard-root"
    style="--Paper-shadow: 0px 2px 1px -1px rgba(0,0,0,0.2),0px 1px 1px 0px rgba(0,0,0,0.14),0px 1px 3px 0px rgba(0,0,0,0.12);"
  >
    <div
      class="MuiCardContent-root css-11x8u7i-MuiCardContent-root"
    >
      <div
        class="MuiBox-root css-19axrzo"
      >
        <div
          class="MuiAvatar-root MuiAvatar-rounded css-1jetft3-MuiAvatar-root"
        >
          <img
            alt="Album Cover"
            class="MuiAvatar-img css-1su80sj-MuiAvatar-img"
            src="dummy-cover.jpg"
          />
        </div>
        <div
          class="MuiBox-root css-1n03rcd"
        >
          <div
            class="MuiBox-root css-1fx0y3e"
          >
            <h6
              class="MuiTypography-root MuiTypography-h6 css-17opwfl-MuiTypography-root"
            >
              Dummy Artist
            </h6>
            <h6
              class="MuiTypography-root MuiTypography-h6 css-wpapln-MuiTypography-root"
            >
              -
            </h6>
            <h6
              class="MuiTypography-root MuiTypography-h6 css-hp6zy8-MuiTypography-root"
            >
              Dummy Album
            </h6>
          </div>
          <ul
            class="MuiList-root MuiList-padding MuiList-dense css-1a1tr8s-MuiList-root"
          >
            <li
              class="MuiListItem-root MuiListItem-dense MuiListItem-gutters MuiListItem-padding css-14z2y7c-MuiListItem-root"
            >
              <p
                class="MuiTypography-root MuiTypography-body2 css-nvb5dt-MuiTypography-root"
              >
                Stephan Roy - Vocals
              </p>
            </li>
            <li
              class="MuiListItem-root MuiListItem-dense MuiListItem-gutters MuiListItem-padding css-14z2y7c-MuiListItem-root"
            >
              <p
                class="MuiTypography-root MuiTypography-body2 css-nvb5dt-MuiTypography-root"
              >
                Brian Gunter - Guitar, Cello
              </p>
            </li>
            <li
              class="MuiListItem-root MuiListItem-dense MuiListItem-gutters MuiListItem-padding css-14z2y7c-MuiListItem-root"
            >
              <p
                class="MuiTypography-root MuiTypography-body2 css-nvb5dt-MuiTypography-root"
              >
                Dave LaFlam - Electric/Upright Bass
              </p>
            </li>
            <li
              class="MuiListItem-root MuiListItem-dense MuiListItem-gutters MuiListItem-padding css-14z2y7c-MuiListItem-root"
            >
              <p
                class="MuiTypography-root MuiTypography-body2 css-nvb5dt-MuiTypography-root"
              >
                James Beasley - Drums
              </p>
            </li>
          </ul>
        </div>
      </div>
      <div
        class="MuiBox-root css-1cf4li4"
      >
        <h6
          class="MuiTypography-root MuiTypography-subtitle1 css-lg29tt-MuiTypography-root"
        >
          2023
        </h6>
      </div>
    </div>
    <div
      class="MuiBox-root css-1cfhbp2"
    >
      <h6
        class="MuiTypography-root MuiTypography-subtitle2 css-1sibp0x-MuiTypography-root"
      >
        2023
      </h6>
    </div>
  </div>
</div>
`;
